Error:
Pulso incorrecto. Debe ser el valor de una figura: 1, 2, 4, 8, 16, 32, 64. LÃ­nea 3
