Error:
Error de sintaxis: Token desconocido en l√≠nea 5. "$name = value;"
