Error:
Instrumento inválido. Debe estar entre 0 y 127. Línea 7
