Error:
Cantidad de repeticiones por minuto incorrecta. Debe ser mayor a 0. LÃ­nea 2
