Error:
Compás con duración (0.03125) más corta que la indicada (0.5). Línea 9
