Error:
Octava incorrecta. Debe estar entre 1 y 9. LÃ­nea 11
