Error:
Cantidad de pulsos incorrecta. Debe ser mayor a 0. LÃ­nea 3
