Error:
Número de repeticiones incorrecto. Debe haber al menos 1. Línea 9
