Error:
Compás con duración (1.0) más larga que la indicada (0.5). Línea 9
